# Keys for LaTeX help (from TeTeX)
# v0.2
# dani/2003
# jeroen/2005
\part 
\chapter => ltx-141.html
\section => ltx-141.html
\subsection => ltx-141.html 
\subsubsection => ltx-141.html 
\paragraph => ltx-141.html 
\subparagraph => ltx-141.html 
\subsubparagraph => ltx-141.html 
\subsubsubparagraph => ltx-141.html
\documentclass => ltx-22.html
\documentstyle => ltx-22.html
\addcontentsline => ltx-171.html
\addtocontents => ltx-172.html
\addtocounter => ltx-195.html
\address => ltx-93.html
\addtolength => ltx-89.html
\addvspace => ltx-198.html
\alph => ltx-199.html
\appendix => ltx-200.html
\arabic => ltx-201.html
\author => ltx-203.html
\backslash => ltx-164.html
\baselineskip => baselineskip.html
\baselinestretch => baselineskip.html
\bf => ltx-204.html
\bibitem => ltx-205.html
\bigskip => ltx-206.html
\boldmath => boldmath.html
\cal => ltx-407.html
\caption => caption.html
\cdots => ltx-207.html
\centering => ltx-30.html
\circle => ltx-210.html
\cite => ltx-211.html
\cleardoublepage => ltx-212.html
\clearpage => ltx-213.html
\cline => ltx-214.html
\closing => ltx-98.html
\dashbox => ltx-216.html
\date => ltx-217.html
\ddots => ltx-218.html
\dotfill => ltx-220.html
\em => ltx-221.html
\ensuremath => ensuremath.html
\fbox => ltx-226.html
\flushbottom => ltx-227.html
\fnsymbol => ltx-230.html
\footnote => ltx-231.html
\footnotemark => ltx-232.html
\footnotesize => ltx-233.html
\footnotetext => ltx-234.html
\frac => ltx-235.html
\frame => ltx-236.html
\framebox => ltx-237.html
\frenchspacing => frenchsp.html
\hfill => ltx-238.html
\hline => ltx-239.html
\hrulefill => ltx-240.html
\hspace => ltx-241.html
\huge => ltx-242.html
\Huge => ltx-243.html
\hyphenation => ltx-244.html
\include => ltx-245.html
\includeonly => ltx-246.html
\indent => ltx-247.html
\input => ltx-248.html
\it => ltx-249.html
\item => item.html
\kill => ltx-251.html
\label => ltx-252.html
\large => ltx-253.html
\Large => ltx-254.html
\LARGE => ltx-255.html
\ldots => ltx-256.html
\left => ltx-403.html#big
\lefteqn => lefteqn.html
\line => ltx-257.html
\linebreak => ltx-258.html
\linethickness => ltx-259.html
\linewidth => textwidth.html
\location => ltx-261.html
\makebox => ltx-262.html
\maketitle => ltx-263.html
\markboth => ltx-264.html
\markright => ltx-264.html
\mathcal => ltx-407.html
\mathop => stackrel.html#mathop
\mbox => ltx-265.html
\medskip => ltx-266.html
\multicolumn => ltx-268.html
\multiput => ltx-269.html
\newcommand => ltx-18.html
\newcounter => ltx-271.html
\newenvironment => ltx-19.html
\newfont => ltx-21.html
\newlength => ltx-87.html
\newline => ltx-275.html
\newpage => ltx-276.html
\newsavebox => ltx-277.html
\newtheorem => ltx-20.html
\nocite => ltx-279.html
\noindent => ltx-280.html
\nolinebreak => ltx-281.html
\normalsize => ltx-282.html
\nopagebreak => ltx-283.html
\not => ltx-404.html#not
\onecolumn => ltx-284.html
\opening => ltx-97.html
\oval => ltx-286.html
\overbrace => ltx-287.html
\overline => ltx-288.html
\pagebreak => ltx-289.html
\pagenumbering => ltx-137.html
\pageref => ltx-291.html
\pagestyle => ltx-138.html
\par => ltx-293.html
\parbox => ltx-294.html
\parindent => ltx-86.html#lencmd
\parskip => parskip.html
\protect => fragile.html
\providecommand => ltx-18.html
\put => ltx-296.html
\raggedbottom => ltx-299.html
\raggedleft => ltx-300.html
\raggedright => ltx-301.html
\raisebox => ltx-302.html
\ref => ltx-303.html
\renewcommand => ltx-18.html
\right => ltx-403.html#big
\rm => ltx-304.html
\roman => ltx-305.html
\rule => ltx-306.html
\savebox => ltx-307.html
\sbox => ltx-307.html
\sc => ltx-308.html
\scriptsize => ltx-309.html
\setcounter => ltx-310.html
\setlength => ltx-88.html
\settowidth => ltx-90.html
\sf => ltx-313.html
\shortstack => ltx-314.html
\signature => ltx-315.html
\sl => ltx-316.html
\small => ltx-317.html
\smallskip => ltx-318.html
\sqrt => ltx-319.html
\stackrel => stackrel.html
\tableofcontents => toc.html
\telephone => ltx-323.html
\textwidth => textwidth.html
\textheight => ltx-86.html#lencmd
\thanks => ltx-324.html
\thispagestyle => ltx-140.html
\tiny => ltx-328.html
\title => ltx-329.html
\today => ltx-330.html
\tt => ltx-331.html
\twocolumn => ltx-332.html
\typeout => ltx-174.html
\typein => ltx-175.html
\underbrace => ltx-335.html
\underline => ltx-336.html
\unitlength => unitlength.html
\usebox => ltx-337.html
\usecounter => ltx-338.html
\value => ltx-339.html
\vdots => ltx-340.html
\vector => ltx-341.html
\verb => ltx-342.html
\vfill => ltx-345.html
\vline => ltx-346.html
\vphantom => ltx-403.html#big
\vspace => ltx-347.html
abstract => ltx-420.html
array => ltx-202.html
center => ltx-29.html
description => ltx-31.html
displaymath => ltx-421.html
enumerate => ltx-222.html
eqnarray => ltx-223.html
equation => ltx-224.html
figure => ltx-225.html
flushleft => ltx-228.html
flushright => ltx-229.html
itemize => ltx-250.html
list => ltx-260.html
math => ltx-115.html#math
minipage => ltx-267.html
picture => ltx-43.html
quotation => ltx-297.html
quote => ltx-298.html
tabbing => ltx-58.html
table => ltx-67.html
tabular => ltx-68.html
thebibliography => ltx-73.html
theorem => ltx-77.html
titlepage => ltx-78.html
trivlist => trivlist.html
verbatim => ltx-79.html
verse => ltx-81.html
