# Keys for LaTeX help (for TexLive with TeX-Refs v3.9)
# v0.2
# dani/2007
#
\acute => tex-refs.html#accents-chars-math
\addcontentsline => tex-refs.html#cmd-addcontentsline-title
\address => tex-refs.html#cmd-address
\addtocontents => tex-refs.html#cmd-addtocontents-title
\addtocounter => tex-refs.html#cmd-addtocounter
\addtolength => tex-refs.html#cmd-addtolength
\addvspace => tex-refs.html#cmd-addvspace
\aleph => tex-refs.html#cmd-misc-symbol-aleph
\alpha => tex-refs.html#greek-letters-title
\alph => tex-refs.html#cmd-alph-title
\angle => tex-refs.html#cmd-misc-symbol-angle
\appendix => tex-refs.html#cmd-sectioning-appendix
\approx => tex-refs.html#binary-and-relational-ops-title
\aput => tex-refs.html#pstricks-attaching
\Aput => tex-refs.html#pstricks-attaching
\arabic => tex-refs.html#cmd-arabic-title
\arccos => tex-refs.html#cmd-math-func-arccos
\arcsin => tex-refs.html#cmd-math-func-arcsin
\arctan => tex-refs.html#cmd-math-func-arctan
array => tex-refs.html#env-array
\arrows => tex-refs.html#hackers
\ast => tex-refs.html#binary-and-relational-ops-title
\author => tex-refs.html#cmd-author
\autoref => tex-refs.html#hyperref
\backslash => tex-refs.html#delimiters-title
\beta => tex-refs.html#greek-letters-title
\bibitem => tex-refs.html#cmd-bibitem
\bibliographystyle => tex-refs.html#using-bibtex
\bibliography => tex-refs.html#using-bibtex
\bigcap => tex-refs.html#cmd-math-symbol-bigcap
\bigcup => tex-refs.html#cmd-math-symbol-bigcup
\bigodot => tex-refs.html#cmd-math-symbol-bigodot
\bigoplus => tex-refs.html#cmd-math-symbol-bigoplus
\bigotimes => tex-refs.html#cmd-math-symbol-bigotimes
\bigskip => tex-refs.html#cmd-bigskip
\biguplus => tex-refs.html#cmd-math-symbol-biguplus
\bigvee => tex-refs.html#cmd-math-symbol-bigvee
\bigwedge => tex-refs.html#cmd-math-symbol-bigwedge
\bmod => tex-refs.html#cmd-math-func-bmod
\bm => tex-refs.html#cmd-bm
\boldsymbol => tex-refs.html#amsmath
\Box => tex-refs.html#cmd-misc-symbol-box
\bput => tex-refs.html#pstricks-attaching
\Bput => tex-refs.html#pstricks-attaching
\breve => tex-refs.html#accents-chars-math
\bullet => tex-refs.html#binary-and-relational-ops-title
\cc => tex-refs.html#cmd-cc
\cdots => tex-refs.html#cmd-math-misc-cdots
\cdots => tex-refs.html#ellipsis-title
\cdot => tex-refs.html#binary-and-relational-ops-title
\centering => tex-refs.html#cmd-centering
center => tex-refs.html#env-center
\chapter => tex-refs.html#cmd-sectioning-chapter
\check => tex-refs.html#accents-chars-math
\chi => tex-refs.html#greek-letters-title
\circlenode => tex-refs.html#pstricks-nodes
\circle => tex-refs.html#cmd-circle
\circ => tex-refs.html#binary-and-relational-ops-title
\cite => tex-refs.html#cmd-cite
\cleardoublepage => tex-refs.html#cmd-cleardoublepage
\clearpage => tex-refs.html#cmd-clearpage
\cline => tex-refs.html#cmd-cline
\clipbox => tex-refs.html#pstricks-clipping
\closedshadow => tex-refs.html#safe-tricks
\closepath => tex-refs.html#safe-tricks
\closing => tex-refs.html#cmd-closing
\clubsuit => tex-refs.html#cmd-misc-symbol-clubsuit
\cnodeput => tex-refs.html#pstricks-nodes
\cnode => tex-refs.html#pstricks-nodes
\code => tex-refs.html#hackers
\coor => tex-refs.html#hackers
\coprod => tex-refs.html#cmd-math-symbol-coprod
\cosh => tex-refs.html#cmd-math-func-cosh
\cos => tex-refs.html#cmd-math-func-cos
\coth => tex-refs.html#cmd-math-func-coth
\cot => tex-refs.html#cmd-math-func-cot
\cput => tex-refs.html#pstricks-framed
\csc => tex-refs.html#cmd-math-func-csc
\curveto => tex-refs.html#pretty-safe-tricks
\dag => tex-refs.html#cmd-other-symbol-dag
\dashbox => tex-refs.html#cmd-dashbox
\dataplot => tex-refs.html#pstricks-plots
\date => tex-refs.html#cmd-date
\ddots => tex-refs.html#cmd-math-misc-ddots
\ddots => tex-refs.html#ellipsis-title
\ddot => tex-refs.html#accents-chars-math
\degrees => tex-refs.html#pstricks-dimensions
\deg => tex-refs.html#cmd-math-func-deg
\delta => tex-refs.html#greek-letters-title
\Delta => tex-refs.html#greek-letters-title
\depth => tex-refs.html#cmd-length-pre-depth
description => tex-refs.html#env-description
\det => tex-refs.html#cmd-math-func-det
\diamondsuit => tex-refs.html#cmd-misc-symbol-diamondsuit
\Diamond => tex-refs.html#cmd-misc-symbol-diamond
\dim => tex-refs.html#cmd-math-func-dim
\dim => tex-refs.html#hackers
\div => tex-refs.html#binary-and-relational-ops-title
\documentclass => tex-refs.html#starting-and-ending
\dotfill => tex-refs.html#cmd-dotfill
\dot => tex-refs.html#accents-chars-math
\downarrow => tex-refs.html#arrows-title
\downarrow => tex-refs.html#delimiters-title
\ell => tex-refs.html#cmd-misc-symbol-ell
\emph => tex-refs.html#styles-title
\encl => tex-refs.html#cmd-encl
\endoverlaybox => tex-refs.html#pstricks-overlays
\endpscharclip => tex-refs.html#pstricks-stroking
\endpsclip => tex-refs.html#pstricks-clipping
\endpspicture => tex-refs.html#pictures
\endTeXtoEPS => tex-refs.html#pstricks-exporting
\enlargethispage => tex-refs.html#cmd-enlargethispage
\ensuremath => tex-refs.html#cmd-math-misc-ensuremath
enumerate => tex-refs.html#env-enumerate
\epsilon => tex-refs.html#greek-letters-title
eqnarray => tex-refs.html#env-eqnarray
equation => tex-refs.html#env-equation
\equiv => tex-refs.html#binary-and-relational-ops-title
\eta => tex-refs.html#greek-letters-title
\everypsbox => tex-refs.html#pstricks-boxes
\exists => tex-refs.html#cmd-misc-symbol-exists
\exp => tex-refs.html#cmd-math-func-exp
\fbox => tex-refs.html#cmd-fbox
figure => tex-refs.html#env-figure
\fileplot => tex-refs.html#pstricks-plots
\file => tex-refs.html#hackers
\fill => tex-refs.html#safe-tricks
\flat => tex-refs.html#cmd-misc-symbol-flat
\floatname => tex-refs.html#float
\floatplacement => tex-refs.html#float
\floatstyle => tex-refs.html#float
\flqq => tex-refs.html#german
\flq => tex-refs.html#german
\flushbottom => tex-refs.html#cmd-flushbottom-title
flushleft => tex-refs.html#env-flushleft
flushright => tex-refs.html#env-flushright
\fnsymbol => tex-refs.html#cmd-fnsymbol-title
\fontencoding => tex-refs.html#low-dash-level-font-commands-title
\fontfamily => tex-refs.html#low-dash-level-font-commands-title
\fontseries => tex-refs.html#low-dash-level-font-commands-title
\fontshape => tex-refs.html#low-dash-level-font-commands-title
\fontsizep => tex-refs.html#low-dash-level-font-commands-title
\footnotemark => tex-refs.html#cmd-footnotemark
\footnotesize => tex-refs.html#sizes-title
\footnote => tex-refs.html#cmd-cmd-footnote
\footnotetext => tex-refs.html#cmd-footnotetext
\forall => tex-refs.html#cmd-misc-symbol-forall
\frac => tex-refs.html#cmd-math-misc-frac
\framebox => tex-refs.html#cmd-framebox
\framebox => tex-refs.html#cmd-framebox-op-picture-cp
\frame => tex-refs.html#cmd-frame
\frqq => tex-refs.html#german
\frq => tex-refs.html#german
\fussy => tex-refs.html#cmd-fussy
\gamma => tex-refs.html#greek-letters-title
\Gamma => tex-refs.html#greek-letters-title
\gcd => tex-refs.html#cmd-math-func-gcd
\geq => tex-refs.html#binary-and-relational-ops-title
\gg => tex-refs.html#binary-and-relational-ops-title
\glqq => tex-refs.html#german
\glq => tex-refs.html#german
\graphicspath => tex-refs.html#graphicspath
\grave => tex-refs.html#accents-chars-math
\grestore => tex-refs.html#safe-tricks
\grqq => tex-refs.html#german
\gsave => tex-refs.html#safe-tricks
\hat => tex-refs.html#accents-chars-math
\hbar => tex-refs.html#cmd-misc-symbol-hbar
\heartsuit => tex-refs.html#cmd-misc-symbol-heartsuit
\height => tex-refs.html#cmd-length-pre-height
\hfill => tex-refs.html#cmd-hfill
\hline => tex-refs.html#cmd-hline
\hom => tex-refs.html#cmd-math-func-hom
\href => tex-refs.html#hyperref
\hrulefill => tex-refs.html#cmd-hrulefill
\hspace => tex-refs.html#cmd-hspace
\huge => tex-refs.html#sizes-title
\Huge => tex-refs.html#sizes-title
\hyertarget => tex-refs.html#hyperref
\hyperbaseurl => tex-refs.html#hyperref
\hyperimage => tex-refs.html#hyperref
\hyperlink => tex-refs.html#hyperref
\hyperref => tex-refs.html#hyperref
\hyphenation => tex-refs.html#cmd-hyphenation
\imath => tex-refs.html#cmd-misc-symbol-imath
\Im => tex-refs.html#cmd-misc-symbol-im
\includegraphics => tex-refs.html#includegraphics
\includeonly => tex-refs.html#cmd-includeonly-title
\include => tex-refs.html#cmd-include-title
\indent => tex-refs.html#cmd-indent
\inf => tex-refs.html#cmd-math-func-inf
\infty => tex-refs.html#cmd-misc-symbol-infty
\input => tex-refs.html#cmd-input-title
\int => tex-refs.html#cmd-math-symbol-int
\iota => tex-refs.html#greek-letters-title
itemize => tex-refs.html#env-itemize
\jmath => tex-refs.html#cmd-misc-symbol-jmath
\kappa => tex-refs.html#greek-letters-title
\ker => tex-refs.html#cmd-math-func-ker
\kill => tex-refs.html#env-tabbing
\label => tex-refs.html#cmd-label-title
\lambda => tex-refs.html#greek-letters-title
\Lambda => tex-refs.html#greek-letters-title
\langle => tex-refs.html#delimiters-title
\large => tex-refs.html#sizes-title
\Large => tex-refs.html#sizes-title
\LARGE => tex-refs.html#sizes-title
\ldots => tex-refs.html#cmd-math-misc-ldots
\ldots => tex-refs.html#ellipsis-title
\leftarrow => tex-refs.html#arrows-title
\Leftarrow => tex-refs.html#arrows-title
\leftrightarrow => tex-refs.html#arrows-title
\Leftrightarrow => tex-refs.html#arrows-title
\leq => tex-refs.html#binary-and-relational-ops-title
letter => tex-refs.html#env-letter
\lg => tex-refs.html#cmd-math-func-lg
\liminf => tex-refs.html#cmd-math-func-liminf
\limsup => tex-refs.html#cmd-math-func-limsup
\lim => tex-refs.html#cmd-math-func-lim
\linebreak => tex-refs.html#cmd-linebreak
\line => tex-refs.html#cmd-line
\linethickness => tex-refs.html#cmd-linethickness
\lineto => tex-refs.html#pretty-safe-tricks
\listof => tex-refs.html#float
\listplot => tex-refs.html#pstricks-plots
list => tex-refs.html#env-list
\ll => tex-refs.html#binary-and-relational-ops-title
\ln => tex-refs.html#cmd-math-func-ln
\location => tex-refs.html#cmd-location
\log => tex-refs.html#cmd-math-func-log
\longleftarrow => tex-refs.html#arrows-title
\Longleftarrow => tex-refs.html#arrows-title
\longleftrightarrow => tex-refs.html#arrows-title
\longrightarrow => tex-refs.html#arrows-title
\Longrightarrow => tex-refs.html#arrows-title
\lput => tex-refs.html#pstricks-attaching
lrbox => tex-refs.html#env-lrbox
\makebox => tex-refs.html#cmd-makebox
\makelabels => tex-refs.html#cmd-makelabels
\maketitle => tex-refs.html#cmd-maketitle
\markboth => tex-refs.html#cmd-markboth
\markright => tex-refs.html#cmd-markright
\mathbf => tex-refs.html#styles-title
\mathcal => tex-refs.html#styles-title
\mathit => tex-refs.html#styles-title
\mathnormal => tex-refs.html#styles-title
\mathrm => tex-refs.html#styles-title
\mathtt => tex-refs.html#styles-title
\max => tex-refs.html#cmd-math-func-max
\mbox => tex-refs.html#cmd-mbox
\medskip => tex-refs.html#cmd-medskip
minipage => tex-refs.html#env-minipage
\min => tex-refs.html#cmd-math-func-min
\movepath => tex-refs.html#safe-tricks
\moveto => tex-refs.html#safe-tricks
\mp => tex-refs.html#binary-and-relational-ops-title
\mput => tex-refs.html#pstricks-attaching
\mrestore => tex-refs.html#safe-tricks
\msave => tex-refs.html#safe-tricks
\multicolumn => tex-refs.html#cmd-multicolumn
\multips => tex-refs.html#pstricks-repetition
\multiput => tex-refs.html#cmd-multiput
\multirput => tex-refs.html#pstricks-repetition
\mu => tex-refs.html#greek-letters-title
\nabla => tex-refs.html#cmd-misc-symbol-nabla
\name => tex-refs.html#cmd-name
\natural => tex-refs.html#cmd-misc-symbol-natural
\ncangles => tex-refs.html#pstricks-connections
\ncangle => tex-refs.html#pstricks-connections
\ncarc => tex-refs.html#pstricks-connections
\ncbar => tex-refs.html#pstricks-connections
\nccircle => tex-refs.html#pstricks-connections
\nccoil => tex-refs.html#pstricks-coils
\nccurve => tex-refs.html#pstricks-connections
\ncdiagg => tex-refs.html#pstricks-connections
\ncdiag => tex-refs.html#pstricks-connections
\ncline => tex-refs.html#pstricks-connections
\ncLine => tex-refs.html#pstricks-connections
\ncloop => tex-refs.html#pstricks-connections
\nczigzag => tex-refs.html#pstricks-coils
\nearrow => tex-refs.html#arrows-title
\neq => tex-refs.html#binary-and-relational-ops-title
\newcmykcolor => tex-refs.html#pstricks-color
\newcommand => tex-refs.html#cmd-newcommand-title
\newcounter => tex-refs.html#cmd-newcounter-title
\newenvironment => tex-refs.html#cmd-newenvironment-title
\newfloat => tex-refs.html#float
\newfont => tex-refs.html#cmd-newfont-title
\newgray => tex-refs.html#pstricks-color
\newhsbcolor => tex-refs.html#pstricks-color
\newlength => tex-refs.html#cmd-newlength
\newline => tex-refs.html#cmd-newline
\newpage => tex-refs.html#cmd-newpage
\newpath => tex-refs.html#safe-tricks
\newpsobject => tex-refs.html#pstricks-custom
newpsstyle => tex-refs.html#pstricks-custom
\newrgbcolor => tex-refs.html#pstricks-color
\newsavebox => tex-refs.html#cmd-newsavebox
\newtheorem => tex-refs.html#cmd-newtheorem-title
\nocite => tex-refs.html#cmd-nocite
\noindent => tex-refs.html#cmd-noindent
\nolinebreak => tex-refs.html#cmd-nolinebreak
\nolinkurl => tex-refs.html#cmd-nolinkurl
\nopagebreak => tex-refs.html#cmd-nopagebreak
\NormalCoor => tex-refs.html#pstricks-coordinates
\normalsize => tex-refs.html#sizes-title
\nu => tex-refs.html#greek-letters-title
\nwarrow => tex-refs.html#arrows-title
\oint => tex-refs.html#cmd-math-symbol-oint
\omega => tex-refs.html#greek-letters-title
\Omega => tex-refs.html#greek-letters-title
\onecolumn => tex-refs.html#cmd-onecolumn-title
\opening => tex-refs.html#cmd-opening
\openshadow => tex-refs.html#safe-tricks
\ovalnode => tex-refs.html#pstricks-nodes
\oval => tex-refs.html#cmd-oval
\overbrace => tex-refs.html#cmd-math-misc-overbrace
\overlaybox => tex-refs.html#pstricks-overlays
\overline => tex-refs.html#cmd-math-misc-overline
\pagebreak => tex-refs.html#cmd-pagebreak
\pagenumbering => tex-refs.html#cmd-pagenumbering
\pageref => tex-refs.html#cmd-pageref
\pagestyle => tex-refs.html#cmd-pagestyle
\parabola => tex-refs.html#pstricks-curves
\paragraph => tex-refs.html#cmd-sectioning-paragraph
\parametricplot => tex-refs.html#pstricks-plots
\parbox => tex-refs.html#cmd-parbox
\par => tex-refs.html#cmd-par
\partial => tex-refs.html#cmd-misc-symbol-partial
\part => tex-refs.html#cmd-sectioning-part
\pcangle => tex-refs.html#pstricks-connections
\pcarc => tex-refs.html#pstricks-connections
\pcbar => tex-refs.html#pstricks-connections
\pccoil => tex-refs.html#pstricks-coils
\pccurve => tex-refs.html#pstricks-connections
\pcdiag => tex-refs.html#pstricks-connections
\pcline => tex-refs.html#pstricks-connections
\pcloop => tex-refs.html#pstricks-connections
\pczigzag => tex-refs.html#pstricks-coils
\per => tex-refs.html#binary-and-relational-ops-title
\phi => tex-refs.html#greek-letters-title
\Phi => tex-refs.html#greek-letters-title
picture => tex-refs.html#env-picture
\pi => tex-refs.html#greek-letters-title
\Pi => tex-refs.html#greek-letters-title
\pmb => tex-refs.html#amsmath
\pmod => tex-refs.html#cmd-math-func-pmod
\pm => tex-refs.html#binary-and-relational-ops-title
\pnode => tex-refs.html#pstricks-nodes
\poptabs => tex-refs.html#env-tabbing
\prime => tex-refs.html#cmd-misc-symbol-prime
\prod => tex-refs.html#cmd-math-symbol-prod
\propto => tex-refs.html#binary-and-relational-ops-title
\psarcn => tex-refs.html#pstricks-arcs
\psarc => tex-refs.html#pstricks-arcs
\psaxes => tex-refs.html#pstricks-axes
\psbezier => tex-refs.html#pstricks-curves
\psccurve => tex-refs.html#pstricks-curves
\pscharclip => tex-refs.html#pstricks-stroking
\pscharpath => tex-refs.html#pstricks-stroking
\pscirclebox => tex-refs.html#pstricks-framed
\pscircle => tex-refs.html#pstricks-arcs
\psclip => tex-refs.html#pstricks-clipping
\pscoil => tex-refs.html#pstricks-coils
\psCoil => tex-refs.html#pstricks-coils
\pscurve => tex-refs.html#pstricks-curves
\pscustom => tex-refs.html#pstricks-basics
\psdblframebox => tex-refs.html#pstricks-framed
\psdots => tex-refs.html#pstricks-dots
\psecurve => tex-refs.html#pstricks-curves
\psellipse => tex-refs.html#pstricks-arcs
\psframebox => tex-refs.html#pstricks-framed
\psframe => tex-refs.html#pstricks-lines
\psgrid => tex-refs.html#pstricks-grids
\psi => tex-refs.html#greek-letters-title
\Psi => tex-refs.html#greek-letters-title
\pslabelsep => tex-refs.html#placing
\pslbrace => tex-refs.html#pstricks-tricks
\psline => tex-refs.html#pstricks-lines
\pslongbox => tex-refs.html#pstricks-boxes
\psmathboxfalse => tex-refs.html#pstricks-boxes
\psmathboxtrue => tex-refs.html#pstricks-boxes
\psovalbox => tex-refs.html#pstricks-framed
\psoverlay => tex-refs.html#pstricks-overlays
\pspicture => tex-refs.html#pictures
\psplot => tex-refs.html#pstricks-plots
\pspolygon => tex-refs.html#pstricks-lines
\psrbrace => tex-refs.html#pstricks-tricks
\pssetlength => tex-refs.html#pstricks-dimensions
\psset => tex-refs.html#pstricks-setting
\psshadowbox => tex-refs.html#pstricks-framed
\ps => tex-refs.html#cmd-ps
\pstextpath => tex-refs.html#pstricks-path
\PSTtoEPS => tex-refs.html#pstricks-exporting
\psverbboxfalse => tex-refs.html#pstricks-boxes
\psverbboxtrue => tex-refs.html#pstricks-boxes
\pswedge => tex-refs.html#pstricks-arcs
\pszigzag => tex-refs.html#pstricks-coils
\pushtabs => tex-refs.html#env-tabbing
\putoverlaybox => tex-refs.html#pstricks-overlays
\put => tex-refs.html#cmd-put
\qdisk => tex-refs.html#pstricks-arcs
\qline => tex-refs.html#pstricks-lines
quotation => tex-refs.html#env-quotation
quote => tex-refs.html#env-quote
\radians => tex-refs.html#pstricks-dimensions
\raggedbottom => tex-refs.html#cmd-raggedbottom-title
\raggedleft => tex-refs.html#cmd-raggedleft
\raggedright => tex-refs.html#cmd-raggedright
\raisebox => tex-refs.html#cmd-raisebox
\rangle => tex-refs.html#delimiters-title
\rcoor => tex-refs.html#hackers
\rcurveto => tex-refs.html#pretty-safe-tricks
\readdata => tex-refs.html#pstricks-plots
\refstepcounter => tex-refs.html#cmd-refstepcounter-title
\ref => tex-refs.html#cmd-ref-title
\restylefloat => tex-refs.html#float
\Re => tex-refs.html#cmd-misc-symbol-re
\rho => tex-refs.html#greek-letters-title
\rightarrow => tex-refs.html#arrows-title
\Rightarrow => tex-refs.html#arrows-title
\rlineto => tex-refs.html#pretty-safe-tricks
\RnodeRef => tex-refs.html#pstricks-nodes
\rnode => tex-refs.html#pstricks-nodes
\Rnode => tex-refs.html#pstricks-nodes
\rotatedown => tex-refs.html#pstricks-rotation
\rotateleft => tex-refs.html#pstricks-rotation
\rotateright => tex-refs.html#pstricks-rotation
\rotate => tex-refs.html#safe-tricks
\rput => tex-refs.html#placing
\rule => tex-refs.html#cmd-rule
\samepage => tex-refs.html#cmd-samepage
\savebox => tex-refs.html#cmd-savebox
\savedata => tex-refs.html#pstricks-plots
\sbox => tex-refs.html#cmd-sbox
\scalebox => tex-refs.html#pstricks-rotation
\scaleboxto => tex-refs.html#pstricks-rotation
\scale => tex-refs.html#safe-tricks
\scriptsize => tex-refs.html#sizes-title
\searrow => tex-refs.html#arrows-title
\sec => tex-refs.html#cmd-math-func-sec
\section => tex-refs.html#cmd-sectioning-section
\selectfont => tex-refs.html#low-dash-level-font-commands-title
\setcolor => tex-refs.html#hackers
\setcounter => tex-refs.html#cmd-setcounter-title
\setlength => tex-refs.html#cmd-setlength
\settodepth => tex-refs.html#cmd-settodepth
\settoheight => tex-refs.html#cmd-settoheight
\settowidth => tex-refs.html#cmd-settowidth
\shortstack => tex-refs.html#cmd-shortstack
\sigma => tex-refs.html#greek-letters-title
\Sigma => tex-refs.html#greek-letters-title
\signature => tex-refs.html#cmd-signature
\simeq => tex-refs.html#binary-and-relational-ops-title
\sim => tex-refs.html#binary-and-relational-ops-title
\sinh => tex-refs.html#cmd-math-func-sinh
\sin => tex-refs.html#cmd-math-func-sin
\sloppy => tex-refs.html#cmd-sloppy
\smallskip => tex-refs.html#cmd-smallskip
\small => tex-refs.html#sizes-title
\spadesuit => tex-refs.html#cmd-misc-symbol-spadsuit
\SpecialCoor => tex-refs.html#pstricks-coordinates
\sqrt => tex-refs.html#cmd-math-misc-sqrt
\startbreaks => tex-refs.html#cmd-startbreaks
\star => tex-refs.html#binary-and-relational-ops-title
\stepcounter => tex-refs.html#cmd-stepcounter-title
\stopbreaks => tex-refs.html#cmd-stopbreaks
\stroke => tex-refs.html#safe-tricks
\subparagraph => tex-refs.html#cmd-sectioning-subparagraph
\subsection => tex-refs.html#cmd-sectioning-subsection
\subset => tex-refs.html#binary-and-relational-ops-title
\subsubsection => tex-refs.html#cmd-sectioning-subsubsection
\sum => tex-refs.html#cmd-math-symbol-sum
\sup => tex-refs.html#cmd-math-func-sup
\surd => tex-refs.html#cmd-misc-symbol-surd
\swapaxes => tex-refs.html#safe-tricks
\swarrow => tex-refs.html#arrows-title
tabbing => tex-refs.html#env-tabbing
table => tex-refs.html#env-table
tabular => tex-refs.html#env-tabular
\tanh => tex-refs.html#cmd-math-func-tanh
\tan => tex-refs.html#cmd-math-func-tan
\tau => tex-refs.html#greek-letters-title
\telephone => tex-refs.html#cmd-telephone
\texorpdfstring => tex-refs.html#hyperref
\textbf => tex-refs.html#styles-title
\textit => tex-refs.html#styles-title
\textmd => tex-refs.html#styles-title
\textnormal => tex-refs.html#styles-title
\TeXtoEPS => tex-refs.html#pstricks-exporting
\textrm => tex-refs.html#styles-title
\textsc => tex-refs.html#styles-title
\textsf => tex-refs.html#styles-title
\textsl => tex-refs.html#styles-title
\texttt => tex-refs.html#styles-title
\textup => tex-refs.html#styles-title
\thanks => tex-refs.html#cmd-thanks
thebibliography => tex-refs.html#env-thebibliography
theorem => tex-refs.html#env-theorem
\theta => tex-refs.html#greek-letters-title
\Theta => tex-refs.html#greek-letters-title
\thispagestyle => tex-refs.html#cmd-thispagestyle
\tilde => tex-refs.html#accents-chars-math
\times => tex-refs.html#binary-and-relational-ops-title
\tiny => tex-refs.html#sizes-title
titlepage => tex-refs.html#env-titlepage
\title => tex-refs.html#cmd-title
\totalheight => tex-refs.html#cmd-length-pre-totalheight
\translate => tex-refs.html#safe-tricks
\triangle => tex-refs.html#cmd-misc-symbol-triangle
\twocolumn => tex-refs.html#cmd-twocolumn-title
\typein => tex-refs.html#cmd-typein-title
\typeout => tex-refs.html#cmd-typeout-title
\underbrace => tex-refs.html#cmd-math-misc-underbrace
\underline => tex-refs.html#cmd-math-misc-underline
\uparrow => tex-refs.html#arrows-title
\Uparrow => tex-refs.html#arrows-title
\uparrow => tex-refs.html#delimiters-title
\updownarrow => tex-refs.html#delimiters-title
\upsilon => tex-refs.html#greek-letters-title
\Upsilon => tex-refs.html#greek-letters-title
\uput => tex-refs.html#placing
\usebox => tex-refs.html#cmd-usebox
\usecounter => tex-refs.html#cmd-usecounter-title
\usepackage => tex-refs.html#usepackage-linkend
\value => tex-refs.html#cmd-value-title
\varepsilon => tex-refs.html#greek-letters-title
\varphi => tex-refs.html#greek-letters-title
\varpi => tex-refs.html#greek-letters-title
\varrho => tex-refs.html#greek-letters-title
\varsigma => tex-refs.html#greek-letters-title
\vartheta => tex-refs.html#greek-letters-title
\vdots => tex-refs.html#cmd-math-misc-vdots
\vdots => tex-refs.html#ellipsis-title
\vec => tex-refs.html#accents-chars-math
\vector => tex-refs.html#cmd-vector
verbatim => tex-refs.html#env-verbatim
\verb => tex-refs.html#cmd-verb
verse => tex-refs.html#env-verse
\vert => tex-refs.html#delimiters-title
\Vert => tex-refs.html#delimiters-title
\vfill => tex-refs.html#cmd-vfill
\vline => tex-refs.html#cmd-vline
\vpagerefrange => tex-refs.html#varioref
\vpageref => tex-refs.html#cmd-vpageref
\vrefrange => tex-refs.html#varioref
\vref => tex-refs.html#cmd-vref
\vspace => tex-refs.html#cmd-vspace
\widehat => tex-refs.html#accents-chars-math
\widetilde => tex-refs.html#accents-chars-math
\width => tex-refs.html#cmd-length-pre-width
\wp => tex-refs.html#cmd-misc-symbol-wp
\xi => tex-refs.html#greek-letters-title
\Xi => tex-refs.html#greek-letters-title
\zeta => tex-refs.html#greek-letters-title
