# Keys for LaTeX help (for TeTeX v3.x)
# v0.1
# dani/2005
#
\acute => latex.html#accents-chars-math
\addcontentsline => latex.html#bslash-addcontentsline-title
\address => latex.html#bslash-address-title
\addtocontents => latex.html#bslash-addtocontents-title
\addtocounter => latex.html#bslash-addtocounter-title
\addtolength => latex.html#bslash-addtolength-title
\addvspace => latex.html#bslash-addvspace-title
\aleph => latex.html#misc-symbols-title
\alph => latex.html#bslash-alph-title
\angle => latex.html#misc-symbols-title
\appendix => latex.html#sectioning
\approx => latex.html#binary-and-relational-ops-title
\arabic => latex.html#bslash-arabic-title
\ast => latex.html#binary-and-relational-ops-title
\author => latex.html#bslash-author-title
\backslash => latex.html#delimiters-title
\bar => latex.html#accents-chars-math
\bfseries => latex.html#typefaces
\bibitem => latex.html#bslash-bibitem-title
\bibliographystyle => latex.html#using-bibtex-title
\bibliography => latex.html#using-bibtex-title
\bigcap => latex.html#variable-math-size-symbols-title
\bigcup => latex.html#variable-math-size-symbols-title
\bigodot => latex.html#variable-math-size-symbols-title
\bigoplus => latex.html#variable-math-size-symbols-title
\bigotimes => latex.html#variable-math-size-symbols-title
\bigskip => latex.html#bslash-bigskip-title
\biguplus => latex.html#variable-math-size-symbols-title
\bigvee => latex.html#variable-math-size-symbols-title
\bigwedge => latex.html#variable-math-size-symbols-title
\Box => latex.html#misc-symbols-title
\breve => latex.html#accents-chars-math
\bullet => latex.html#binary-and-relational-ops-title
\caption => latex.html#figure-title
\cc => latex.html#bslash-cc-title
\cdot => latex.html#binary-and-relational-ops-title
\cdots => latex.html#math-miscellany-title
\centering => latex.html#bslash-centering-title
\chapter => latex.html#sectioning
\check => latex.html#accents-chars-math
\circ => latex.html#binary-and-relational-ops-title
\circle => latex.html#bslash-circle-title
\cite => latex.html#bslash-cite-title
\cleardoublepage => latex.html#bslash-cleardoublepage-title
\clearpage => latex.html#bslash-clearpage-title
\cline => latex.html#bslash-cline-title
\closing => latex.html#bslash-closing-title
\clubsuit => latex.html#misc-symbols-title
\coprod => latex.html#variable-math-size-symbols-title
\dashbox => latex.html#bslash-dashbox-title
\date => latex.html#bslash-date-title
\ddot => latex.html#accents-chars-math
\ddots => latex.html#math-miscellany-title
\depth => latex.html#predefined-lengths-title
\Diamond => latex.html#misc-symbols-title
\diamondsuit => latex.html#misc-symbols-title
\div => latex.html#binary-and-relational-ops-title
\documentclass => latex.html#document-classes
\dot => latex.html#accents-chars-math
\dotfill => latex.html#bslash-dotfill-title
\downarrow => latex.html#arrows-title
\downarrow => latex.html#delimiters-title
\ell => latex.html#misc-symbols-title
\emph => latex.html#typefaces
\encl => latex.html#bslash-encl-title
\enlargethispage => latex.html#bslash-enlargethispage-title
\ensuremath => latex.html#math-miscellany-title
\equiv => latex.html#binary-and-relational-ops-title
\exists => latex.html#misc-symbols-title
\fbox => latex.html#bslash-fbox-title
\fboxrule => latex.html#bslash-framebox-op-picture-cp-title
\fboxsep => latex.html#bslash-framebox-op-picture-cp-title
\flat => latex.html#misc-symbols-title
\flushbottom => latex.html#bslash-flushbottom-title
\fnsymbol => latex.html#bslash-fnsymbol-title
\fontencoding => latex.html#low-dash-level-font-commands-title
\fontfamily => latex.html#low-dash-level-font-commands-title
\fontseries => latex.html#low-dash-level-font-commands-title
\fontshape => latex.html#low-dash-level-font-commands-title
\fontsize => latex.html#low-dash-level-font-commands-title
\footnote => latex.html#bslash-footnote-title
\footnotemark => latex.html#bslash-footnotemark-title
\footnotesize => latex.html#sizes-title
\footnotetext => latex.html#bslash-footnotetext-title
\forall => latex.html#misc-symbols-title
\frac => latex.html#math-miscellany-title
\framebox => latex.html#bslash-framebox-op-picture-cp-title
\frame => latex.html#bslash-frame-title
\fussy => latex.html#bslash-fussy-title
\geq => latex.html#binary-and-relational-ops-title
\gg => latex.html#binary-and-relational-ops-title
\graphicspath => latex-packages.html#graphicspath
\grave => latex.html#accents-chars-math
\hat => latex.html#accents-chars-math
\hbar => latex.html#misc-symbols-title
\heartsuit => latex.html#misc-symbols-title
\height => latex.html#predefined-lengths-title
\hfill => latex.html#bslash-hfill-title
\hline => latex.html#bslash-hline-title
\hrulefill => latex.html#bslash-hrulefill-title
\hspace => latex.html#bslash-hspace-title
\huge => latex.html#sizes-title
\Huge => latex.html#sizes-title
\hypersetup => latex-packages.html#hyperref
\hyphenation => latex.html#bslash-hyphenation-title
\imath => latex.html#misc-symbols-title
\Im => latex.html#misc-symbols-title
\include => latex.html#bslash-include-title
\includegraphics => latex-packages.html#includegraphics
\includeonly => latex.html#bslash-includeonly-title
\indent => latex.html#bslash-indent-title
\infty => latex.html#misc-symbols-title
\input => latex.html#bslash-input-title
\int => latex.html#variable-math-size-symbols-title
\item => latex.html#enumerate-title
\itshape => latex.html#typefaces
\jmath => latex.html#misc-symbols-title
\label => latex.html#bslash-label-title
\langle => latex.html#delimiters-title
\large => latex.html#sizes-title
\Large => latex.html#sizes-title
\LARGE => latex.html#sizes-title
\ldots => latex.html#math-miscellany-title
\leftarrow => latex.html#arrows-title
\Leftarrow => latex.html#arrows-title
\lefteqn => latex.html#eqnarray-title
\leftrightarrow => latex.html#arrows-title
\Leftrightarrow => latex.html#arrows-title
\leq => latex.html#binary-and-relational-ops-title
\linebreak => latex.html#bslash-linebreak-title
\line => latex.html#bslash-line-title
\linethickness => latex.html#bslash-linethickness-title
\listoffigures => latex.html#table-of-contents
\listoftables => latex.html#table-of-contents
\ll => latex.html#binary-and-relational-ops-title
\location => latex.html#bslash-location-title
\longleftarrow => latex.html#arrows-title
\Longleftarrow => latex.html#arrows-title
\longleftrightarrow => latex.html#arrows-title
\longrightarrow => latex.html#arrows-title
\Longrightarrow => latex.html#arrows-title
\makebox => latex.html#bslash-makebox-title
\makelabels => latex.html#bslash-makelabels-title
\maketitle => latex.html#bslash-maketitle-title
\marginpar => latex.html#margin-notes
\markboth => latex.html#bslash-markboth-title
\markright => latex.html#bslash-markright-title
\mathbf => latex.html#typefaces
\mathcal => latex.html#typefaces
\mathit => latex.html#typefaces
\mathnormal => latex.html#typefaces
\mathrm => latex.html#typefaces
\mathsf => latex.html#typefaces
\mathtt => latex.html#typefaces
\mathversion => latex.html#typefaces
\mbox => latex.html#bslash-mbox-title
\mdseries => latex.html#typefaces
\medskip => latex.html#bslash-medskip-title
\mp => latex.html#binary-and-relational-ops-title
\multicolumn => latex.html#bslash-multicolumn-title
\multiput => latex.html#bslash-multiput-title
\nabla => latex.html#misc-symbols-title
\name => latex.html#bslash-name-title
\natural => latex.html#misc-symbols-title
\nearrow => latex.html#arrows-title
\neq => latex.html#binary-and-relational-ops-title
\newcommand => latex.html#bslash-newcommand-title
\newcounter => latex.html#bslash-newcounter-title
\newenvironment => latex.html#bslash-newenvironment-title
\newfont => latex.html#bslash-newfont-title
\newlength => latex.html#bslash-newlength-title
\newline => latex.html#bslash-newline-title
\newpage => latex.html#bslash-newpage-title
\newsavebox => latex.html#bslash-newsavebox-title
\newtheorem => latex.html#bslash-newtheorem-title
\nocite => latex.html#bslash-nocite-title
\noindent => latex.html#bslash-noindent-title
\nolinebreak => latex.html#bslash-nolinebreak-title
\nopagebreak => latex.html#bslash-nopagebreak-title
\normalsize => latex.html#sizes-title
\nwarrow => latex.html#arrows-title
\oint => latex.html#variable-math-size-symbols-title
\onecolumn => latex.html#bslash-onecolumn-title
\opening => latex.html#bslash-opening-title
\oval => latex.html#bslash-oval-title
\overbrace => latex.html#math-miscellany-title
\overline => latex.html#math-miscellany-title
\pagebreak => latex.html#bslash-pagebreak-title
\pagenumbering => latex.html#bslash-pagenumbering-title
\pageref => latex.html#bslash-pageref-title
\pagestyle => latex.html#bslash-pagestyle-title
\paragraph => latex.html#sectioning
\parbox => latex.html#bslash-parbox-title
\par => latex.html#bslash-par-title
\partial => latex.html#misc-symbols-title
\part => latex.html#sectioning
\per => latex.html#binary-and-relational-ops-title
\pm => latex.html#binary-and-relational-ops-title
\prime => latex.html#misc-symbols-title
\prod => latex.html#variable-math-size-symbols-title
\propto => latex.html#binary-and-relational-ops-title
\ps => latex.html#bslash-ps-title
\put => latex.html#bslash-put-title
\put => latex.html#picture-title
\raggedbottom => latex.html#bslash-raggedbottom-title
\raggedleft => latex.html#bslash-raggedleft-title
\raggedright => latex.html#bslash-raggedright-title
\raisebox => latex.html#bslash-raisebox-title
\rangle => latex.html#delimiters-title
\ref => latex.html#bslash-ref-title
\refstepcounter => latex.html#bslash-refstepcounter-title
\Re => latex.html#misc-symbols-title
\renewcommand => latex.html#bslash-newcommand-title
\renewenvironment => latex.html#bslash-newenvironment-title
\rightarrow => latex.html#arrows-title
\Rightarrow => latex.html#arrows-title
\rmfamily => latex.html#typefaces
\roman => latex.html#bslash-roman-title
\rule => latex.html#bslash-rule-title
\samepage => latex.html#bslash-samepage-title
\savebox => latex.html#bslash-savebox-title
\sbox => latex.html#bslash-sbox-title
\scriptsize => latex.html#sizes-title
\scshape => latex.html#typefaces
\searrow => latex.html#arrows-title
\section => latex.html#sectioning
\selectfont => latex.html#low-dash-level-font-commands-title
\setcounter => latex.html#bslash-setcounter-title
\setlength => latex.html#bslash-setlength-title
\settodepth => latex.html#bslash-settodepth-title
\settoheight => latex.html#bslash-settoheight-title
\settowidth => latex.html#bslash-settowidth-title
\sffamily => latex.html#typefaces
\shortstack => latex.html#bslash-shortstack-title
\signature => latex.html#bslash-signature-title
\sim => latex.html#binary-and-relational-ops-title
\simeq => latex.html#binary-and-relational-ops-title
\sloppy => latex.html#bslash-sloppy-title
\slshape => latex.html#typefaces
\small => latex.html#sizes-title
\smallskip => latex.html#bslash-smallskip-title
\spadesuit => latex.html#misc-symbols-title
\sqrt => latex.html#math-miscellany-title
\stackrel => latex.html#arrows-title
\star => latex.html#binary-and-relational-ops-title
\startbreaks => latex.html#bslash-startbreaks-title
\stepcounter => latex.html#bslash-stepcounter-title
\stopbreaks => latex.html#bslash-stopbreaks-title
\subparagraph => latex.html#sectioning
\subsection => latex.html#sectioning
\subset => latex.html#binary-and-relational-ops-title
\subsubsection => latex.html#sectioning
\sum => latex.html#variable-math-size-symbols-title
\surd => latex.html#misc-symbols-title
\swarrow => latex.html#arrows-title
\tableofcontents => latex.html#table-of-contents
\telephone => latex.html#bslash-telephone-title
\textbf => latex.html#typefaces
\textit => latex.html#typefaces
\textmd => latex.html#typefaces
\textnormal => latex.html#typefaces
\textrm => latex.html#typefaces
\textsc => latex.html#typefaces
\textsf => latex.html#typefaces
\textsl => latex.html#typefaces
\texttt => latex.html#typefaces
\textup => latex.html#typefaces
\thanks => latex.html#bslash-thanks-title
\thispagestyle => latex.html#bslash-thispagestyle-title
\tilde => latex.html#accents-chars-math
\times => latex.html#binary-and-relational-ops-title
\tiny => latex.html#sizes-title
\title => latex.html#bslash-title-title
\totalheight => latex.html#predefined-lengths-title
\triangle => latex.html#misc-symbols-title
\ttfamily => latex.html#typefaces
\twocolumn => latex.html#bslash-twocolumn-title
\typein => latex.html#bslash-typein-title
\typeout => latex.html#bslash-typeout-title
\underbrace => latex.html#math-miscellany-title
\underline => latex.html#math-miscellany-title
\unitlength => latex.html#picture-title
\uparrow => latex.html#arrows-title
\Uparrow => latex.html#arrows-title
\uparrow => latex.html#delimiters-title
\updownarrow => latex.html#delimiters-title
\upshape => latex.html#typefaces
\usebox => latex.html#bslash-usebox-title
\usecounter => latex.html#bslash-usecounter-title
\usefont => latex.html#low-dash-level-font-commands-title
\usepackage => latex.html#document-classes
\value => latex.html#bslash-value-title
\vdots => latex.html#math-miscellany-title
\vec => latex.html#accents-chars-math
\vector => latex.html#bslash-vector-title
\verb => latex.html#bslash-verb-title
\vert => latex.html#delimiters-title
\Vert => latex.html#delimiters-title
\vfill => latex.html#bslash-vfill-title
\vline => latex.html#bslash-vline-title
\vpageref => latex-packages.html#varioref
\vpagerefrange => latex-packages.html#varioref
\vref => latex-packages.html#varioref
\vrefrange => latex-packages.html#varioref
\vspace => latex.html#bslash-vspace-title
\widehat => latex.html#accents-chars-math
\widetilde => latex.html#accents-chars-math
\width => latex.html#predefined-lengths-title
\wp => latex.html#misc-symbols-title
array => latex.html#array-title
center => latex.html#center-title
description => latex.html#description-title
displaymath => latex.html#math-formulae
enumerate => latex.html#enumerate-title
eqnarray => latex.html#eqnarray-title
equation => latex.html#equation-title
figure => latex.html#figure-title
flushleft => latex.html#flushleft-title
flushright => latex.html#flushright-title
itemize => latex.html#itemize-title
letter => latex.html#letter-title
list => latex.html#list-title
lrbox => latex.html#lrbox-title
math => latex.html#math-formulae
minipage => latex.html#minipage-title
picture => latex.html#picture-title
quotation => latex.html#quotation-title
quote => latex.html#quote-title
tabbing => latex.html#tabbing-title
table => latex.html#table-title
tabular => latex.html#tabular-title
thebibliography => latex.html#thebibliography-title
theorem => latex.html#theorem-title
titlepage => latex.html#titlepage-title
verbatim => latex.html#verbatim-title
verse => latex.html#verse-title
