# Keys for LaTeX help (for TexLive with latex2e-help-texinfo/latex2e.html)
# v0.2
# dani/2012
#
\acute => index-_005cacute
\addcontentsline => index-_005caddcontentsline_007bext_007d_007bunit_007d_007btext_007d
\address => index-_005caddress
\addtocontents => index-_005caddtocontents_007bext_007d_007btext_007d
\addtocounter => index-_005caddtocounter
\addtolength => index-_005caddtolength
\addvspace => index-_005caddvspace
\ae => index-_005cae-_0028ae_0029
\AE => index-_005cAE-_0028AE_0029
\aleph => index-_005caleph
\alph => index-_005calph
\Alph => index-_005cAlph
\alpha => index-_005calpha
\alsoname => index-_005calsoname
\amalg => index-_005camalg
\and => index-_005cand-for-_005cauthor
\angle => index-_005cangle
\appendix => index-_005cappendix
\approx => index-_005capprox
\arabic => index-_005carabic
\arccos => index-_005carccos
\arcsin => index-_005carcsin
\arctan => index-_005carctan
\arg => index-_005carg
\arraycolsep => index-_005carraycolsep
\arrayrulewidth => index-_005carrayrulewidth
\arraystretch => index-_005carraystretch
\ast => index-_005cast
\asymp => index-_005casymp
\author => index-_005cauthor_007bname-_005cand-name2_007d
\a => index-_005ca_0060-_0028grave-accent-in-tabbing_0029
\b => index-_005cb-_0028bar_002dunder-accent_0029
\backslash => index-_005cbackslash
\bar => index-_005cbar
\baselineskip => index-_005cbaselineskip
\baselinestretch => index-_005cbaselinestretch
\begin => index-_005cbegin
\beta => index-_005cbeta
\bf => index-_005cbf
\bfseries => index-_005cbfseries
\bibitem => index-_005cbibitem
\bibliography => index-_005cbibliography
\bibliographystyle => index-_005cbibliographystyle
\bigcap => index-_005cbigcap
\bigcirc => index-_005cbigcirc
\bigcup => index-_005cbigcup
\bigodot => index-_005cbigodot
\bigoplus => index-_005cbigoplus
\bigotimes => index-_005cbigotimes
\bigskip => index-_005cbigskip
\bigskipamount => index-_005cbigskipamount
\bigsqcup => index-_005cbigsqcup
\bigtriangledown => index-_005cbigtriangledown
\bigtriangleup => index-_005cbigtriangleup
\biguplus => index-_005cbiguplus
\bigwedge => index-_005cbigwedge
\bmod => index-_005cbmod
\boldmath => index-_005cboldmath
\bot => index-_005cbot
\bottomfraction => index-_005cbottomfraction
\bowtie => index-_005cbowtie
\Box => index-_005cBox
\breve => index-_005cbreve
\bullet => index-_005cbullet
\c => index-_005cc-_0028cedilla-accent_0029
\cal => index-_005ccal
\cap => index-_005ccap
\capitalacute => index-_005ccapitalacute
\capitalbreve => index-_005ccapitalbreve
\capitalcaron => index-_005ccapitalcaron
\capitalcedilla => index-_005ccapitalcedilla
\capitalcircumflex => index-_005ccapitalcircumflex
\capitaldieresis => index-_005ccapitaldieresis
\capitaldotaccent => index-_005ccapitaldotaccent
\capitalgrave => index-_005ccapitalgrave
\capitalhungarumlaut => index-_005ccapitalhungarumlaut
\capitalmacron => index-_005ccapitalmacron
\capitalnewtie => index-_005ccapitalnewtie
\capitalogonek => index-_005ccapitalogonek
\capitalring => index-_005ccapitalring
\capitaltie => index-_005ccapitaltie
\capitaltilde => index-_005ccapitaltilde
\caption => index-_005ccaption
\cc => index-_005ccc
\cdot => index-_005ccdot
\cdots => index-_005ccdots
\centering => index-_005ccentering
\chapter => index-_005cchapter
\check => index-_005ccheck
\chi => index-_005cchi
\circ => index-_005ccirc
\circle => index-_005ccircle
\cite => index-_005ccite
\cleardoublepage => index-_005ccleardoublepage
\clearpage => index-_005cclearpage
\cline => index-_005ccline
\closing => index-_005cclosing
\clubsuit => index-_005cclubsuit
\columnsep => index-_005ccolumnsep
\columnseprule => index-_005ccolumnseprule
\columnwidth => index-_005ccolumnwidth
\cong => index-_005ccong
\contentsline => index-_005ccontentsline
\coprod => index-_005ccoprod
\copyright => index-_005ccopyright
\cos => index-_005ccos
\cosh => index-_005ccosh
\cot => index-_005ccot
\coth => index-_005ccoth
\csc => index-_005ccsc
\cup => index-_005ccup
\d => index-_005cd-_0028dot_002dunder-accent_0029
\dag => index-_005cdag
\dagger => index-_005cdagger
\dashbox => index-_005cdashbox
\dashv => index-_005cdashv
\date => index-_005cdate_007btext_007d
\day => index-_005cday
\dblfloatpagefraction => index-_005cdblfloatpagefraction
\dblfloatsep => index-_005cdblfloatsep
\dbltextfloatsep => index-_005cdbltextfloatsep
\dbltopfraction => index-_005cdbltopfraction
\ddag => index-_005cddag
\ddagger => index-_005cddagger
\ddot => index-_005cddot
\ddots => index-_005cddots
\deg => index-_005cdeg
\Delta => index-_005cDelta
\delta => index-_005cdelta
\depth => index-_005cdepth
\det => index-_005cdet
\dh => index-_005cdh-_0028ae_0029
\DH => index-_005cDH-_0028AE_0029
\Diamond => index-_005cDiamond
\diamond => index-_005cdiamond
\diamondsuit => index-_005cdiamondsuit
\dim => index-_005cdim
\displaystyle => index-_005cdisplaystyle
\div => index-_005cdiv
\dj => index-_005cdj
\DJ => index-_005cDJ
\documentclass => index-_005cdocumentclass
\dot => index-_005cdot
\doteq => index-_005cdoteq
\dotfill => index-_005cdotfill
\dots => index-_005cdots
\doublerulesep => index-_005cdoublerulesep
\downarrow => index-_005cdownarrow
\Downarrow => index-_005cDownarrow
\ell => index-_005cell
\em => index-_005cem
\emph => index-_005cemph
\emptyset => index-_005cemptyset
\encl => index-_005cencl
\end => index-_005cend
\enlargethispage => index-_005cenlargethispage
\enumi => index-_005cenumi
\enumii => index-_005cenumii
\enumiii => index-_005cenumiii
\enumiv => index-_005cenumiv
\epsilon => index-_005cepsilon
\equiv => index-_005cequiv
\eta => index-_005ceta
\evensidemargin => index-_005cevensidemargin
\exists => index-_005cexists
\exp => index-_005cexp
\fbox => index-_005cfbox
\fboxrule => index-_005cfboxrule
\fboxsep => index-_005cfboxsep
\fill => index-_005cfill
\flat => index-_005cflat
\floatpagefraction => index-_005cfloatpagefraction
\floatsep => index-_005cfloatsep
\flushbottom => index-_005cflushbottom
\fnsymbol => index-_005cfnsymbol
\fontencoding => index-_005cfontencoding
\fontfamily => index-_005cfontfamily
\fontseries => index-_005cfontseries
\fontshape => index-_005cfontshape
\fontsize => index-_005cfontsize
\footnote => index-_005cfootnote
\footnotemark => index-_005cfootnotemark
\footnoterule => index-_005cfootnoterule
\footnotesep => index-_005cfootnotesep
\footnotesize => index-_005cfootnotesize
\footnotetext => index-_005cfootnotetext
\footskip => index-_005cfootskip
\forall => index-_005cforall
\frac => index-_005cfrac
\frame => index-_005cframe
\framebox => index-_005cframebox
\frown => index-_005cfrown
\fussy => index-_005cfussy
\Gamma => index-_005cGamma
\gamma => index-_005cgamma
\gcd => index-_005cgcd
\ge => index-_005cge
\geq => index-_005cgeq
\gets => index-_005cgets
\gg => index-_005cgg
\glossary => index-_005cglossary
\glossaryentry => index-_005cglossaryentry
\grave => index-_005cgrave
\guillemotleft => index-_005cguillemotleft-_0028_00ab_0029
\guillemotright => index-_005cguillemotright-_0028_00bb_0029
\guilsinglleft => index-_005cguilsinglleft-_0028_2039_0029
\guilsinglright => index-_005cguilsinglright-_0028_203a_0029
\H => index-_005cH-_0028Hungarian-umlaut-accent_0029
\hat => index-_005chat
\hbar => index-_005chbar
\headheight => index-_005cheadheight
\headsep => index-_005cheadsep
\heartsuit => index-_005cheartsuit
\height => index-_005cheight
\hfill => index-_005chfill
\hline => index-_005chline
\hom => index-_005chom
\hookleftarrow => index-_005chookleftarrow
\hookrightarrow => index-_005chookrightarrow
\hrulefill => index-_005chrulefill
\hsize => index-_005chsize
\hspace => index-_005chspace
\huge => index-_005chuge
\Huge => index-_005cHuge
\hyphenation => index-_005chyphenation
\i => index-_005ci-_0028dotless-i_0029
\iff => index-_005ciff
\ij => index-_005cij-_0028ij_0029
\IJ => index-_005cIJ-_0028IJ_0029
\Im => index-_005cIm
\imath => index-_005cimath
\in => index-_005cin
\include => index-_005cinclude
\includeonly => index-_005cincludeonly
\indent => index-_005cindent
\index => index-_005cindex
\indexentry => index-_005cindexentry
\inf => index-_005cinf
\infty => index-_005cinfty
\input => index-_005cinput
\int => index-_005cint
\intextsep => index-_005cintextsep
\iota => index-_005ciota
\it => index-_005cit
\item => index-_005citem
\itemindent => index-_005citemindent
\itemsep => index-_005citemsep
\itshape => index-_005citshape
\j => index-_005cj-_0028dotless-j_0029
\jmath => index-_005cjmath
\Join => index-_005cJoin
\k => index-_005ck-_0028ogonek_0029
\kappa => index-_005ckappa
\ker => index-_005cker
\kill => index-_005ckill
\l => index-_005cl-_0028l_0029
\L => index-_005cL-_0028L_0029
\label => index-_005clabel
\labelenumi => index-_005clabelenumi
\labelenumii => index-_005clabelenumii
\labelenumiii => index-_005clabelenumiii
\labelenumiv => index-_005clabelenumiv
\labelitemi => index-_005clabelitemi
\labelitemii => index-_005clabelitemii
\labelitemiii => index-_005clabelitemiii
\labelitemiv => index-_005clabelitemiv
\labelsep => index-_005clabelsep
\labelwidth => index-_005clabelwidth
\Lambda => index-_005cLambda
\lambda => index-_005clambda
\land => index-_005cland
\langle => index-_005clangle
\large => index-_005clarge
\Large => index-_005cLarge
\LARGE => index-_005cLARGE
\LaTeX => index-_005cLaTeX
\lbrace => index-_005clbrace
\lbrack => index-_005clbrack
\lceil => index-_005clceil
\ldots => index-_005cldots
\le => index-_005cle
\leadsto => index-_005cleadsto
\left => index-_005cleft-delim1-_002e_002e_002e-_005cright-delim2
\Leftarrow => index-_005cLeftarrow
\leftarrow => index-_005cleftarrow
\lefteqn => index-_005clefteqn
\leftharpoondown => index-_005cleftharpoondown
\leftharpoonup => index-_005cleftharpoonup
\leftmargin => index-_005cleftmargin
\leftmargini => index-_005cleftmargini
\leftmarginii => index-_005cleftmarginii
\leftmarginiii => index-_005cleftmarginiii
\leftmarginiv => index-_005cleftmarginiv
\leftmarginv => index-_005cleftmarginv
\leftmarginvi => index-_005cleftmarginvi
\Leftrightarrow => index-_005cLeftrightarrow
\leftrightarrow => index-_005cleftrightarrow
\leq => index-_005cleq
\lfloor => index-_005clfloor
\lg => index-_005clg
\lhd => index-_005clhd
\lim => index-_005clim
\liminf => index-_005climinf
\limsup => index-_005climsup
\line => index-_005cline
\linebreak => index-_005clinebreak
\linespread => index-_005clinespread
\linethickness => index-_005clinethickness
\linewidth => index-_005clinewidth
\listoffigures => index-_005clistoffigures
\listoftables => index-_005clistoftables
\listparindent => index-_005clistparindent
\ll => index-_005cll
\ln => index-_005cln
\lnot => index-_005clnot
\location => index-_005clocation
\log => index-_005clog
\longleftarrow => index-_005clongleftarrow
\longleftrightarrow => index-_005clongleftrightarrow
\longmapsto => index-_005clongmapsto
\longrightarrow => index-_005clongrightarrow
\lor => index-_005clor
\lq => index-_005clq
\makebox => index-_005cmakebox
\makeglossary => index-_005cmakeglossary
\makeindex => index-_005cmakeindex
\makelabels => index-_005cmakelabels
\maketitle => index-_005cmaketitle
\mapsto => index-_005cmapsto
\marginpar => index-_005cmarginpar
\marginparpush => index-_005cmarginparpush
\marginparsep => index-_005cmarginparsep
\marginparwidth => index-_005cmarginparwidth
\markboth => index-_005cmarkboth_007bleft_007d_007bright_007d
\markright => index-_005cmarkright_007bright_007d
\mathbf => index-_005cmathbf
\mathcal => index-_005cmathcal
\mathnormal => index-_005cmathnormal
\mathrm => index-_005cmathrm
\mathsf => index-_005cmathsf
\mathtt => index-_005cmathtt
\mathversion => index-_005cmathversion
\max => index-_005cmax
\mbox => index-_005cmbox
\mdseries => index-_005cmdseries
\medskip => index-_005cmedskip
\medskipamount => index-_005cmedskipamount
\mho => index-_005cmho
\mid => index-_005cmid
\min => index-_005cmin
\models => index-_005cmodels
\month => index-_005cmonth
\mp => index-_005cmp
\mu => index-_005cmu
\multicolumn => index-_005cmulticolumn
\multiput => index-_005cmultiput
\nabla => index-_005cnabla
\name => index-_005cname
\natural => index-_005cnatural
\ne => index-_005cne
\nearrow => index-_005cnearrow
\neg => index-_005cneg
\neq => index-_005cneq
\newcommand => index-_005cnewcommand
\newcounter => index-_005cnewcounter
\newenvironment => index-_005cnewenvironment
\newfont => index-_005cnewfont
\newlength => index-_005cnewlength
\newline => index-_005cnewline
\NEWLINE => index-_005cNEWLINE
\newpage => index-_005cnewpage
\newsavebox => index-_005cnewsavebox
\newtheorem => index-_005cnewtheorem
\newtie => index-_005cnewtie
\ng => index-_005cng
\NG => index-_005cNG
\ni => index-_005cni
\nocite => index-_005cnocite
\nofiles => index-_005cnofiles
\noindent => index-_005cnoindent
\nolinebreak => index-_005cnolinebreak
\nonumber => index-_005cnonumber
\nopagebreak => index-_005cnopagebreak
\normalfont => index-_005cnormalfont
\normalmarginpar => index-_005cnormalmarginpar
\normalsize => index-_005cnormalsize
\not => index-_005cnot
\notin => index-_005cnotin
\nu => index-_005cnu
\nwarrow => index-_005cnwarrow
\o => index-_005co-_0028o_0029
\O => index-_005cO-_0028O_0029
\obeycr => index-_005cobeycr
\oddsidemargin => index-_005coddsidemargin
\odot => index-_005codot
\oe => index-_005coe-_0028oe_0029
\OE => index-_005cOE-_0028OE_0029
\oint => index-_005coint
\Omega => index-_005cOmega
\omega => index-_005comega
\ominus => index-_005cominus
\onecolumn => index-_005conecolumn
\opening => index-_005copening
\oplus => index-_005coplus
\oslash => index-_005coslash
\otimes => index-_005cotimes
\oval => index-_005coval
\overbrace => index-_005coverbrace_007btext_007d
\overline => index-_005coverline_007btext_007d
\owns => index-_005cowns
\P => index-_005cP
\pagebreak => index-_005cpagebreak
\pagenumbering => index-_005cpagenumbering
\pageref => index-_005cpageref
\pagestyle => index-_005cpagestyle
\paragraph => index-_005cparagraph
\parallel => index-_005cparallel
\parbox => index-_005cparbox
\parindent => index-_005cparindent
\parsep => index-_005cparsep
\parskip => index-_005cparskip
\part => index-_005cpart
\partial => index-_005cpartial
\partopsep => index-_005cpartopsep
\perp => index-_005cperp
\phi => index-_005cphi
\Pi => index-_005cPi
\pi => index-_005cpi
\pm => index-_005cpm
\pmod => index-_005cpmod
\poptabs => index-_005cpoptabs
\pounds => index-_005cpounds
\Pr => index-_005cPr
\prec => index-_005cprec
\preceq => index-_005cpreceq
\prime => index-_005cprime
\prod => index-_005cprod
\propto => index-_005cpropto
\protect => index-_005cprotect
\ps => index-_005cps
\Psi => index-_005cPsi
\psi => index-_005cpsi
\pushtabs => index-_005cpushtabs
\put => index-_005cput
\quotedblbase => index-_005cquotedblbase-_0028_201e_0029
\quotesinglbase => index-_005cquotesinglbase-_0028_201a_0029
\r => index-_005cr-_0028ring-accent_0029
\raggedbottom => index-_005craggedbottom
\raggedleft => index-_005craggedleft
\raggedright => index-_005craggedright
\raisebox => index-_005craisebox
\rangle => index-_005crangle
\rbrace => index-_005crbrace
\rbrack => index-_005crbrack
\rceil => index-_005crceil
\Re => index-_005cRe
\ref => index-_005cref
\refstepcounter => index-_005crefstepcounter
\renewenvironment => index-_005crenewenvironment
\restorecr => index-_005crestorecr
\reversemarginpar => index-_005creversemarginpar
\rfloor => index-_005crfloor
\rhd => index-_005crhd
\rho => index-_005crho
\right => index-_005cright
\Rightarrow => index-_005cRightarrow
\rightarrow => index-_005crightarrow
\rightharpoondown => index-_005crightharpoondown
\rightharpoonup => index-_005crightharpoonup
\rightleftharpoons => index-_005crightleftharpoons
\rightmargin => index-_005crightmargin
\rm => index-_005crm
\rmfamily => index-_005crmfamily
\roman => index-_005croman
\rq => index-_005crq
\rule => index-_005crule
\S => index-_005cS
\savebox => index-_005csavebox
\sbox => index-_005csbox
\sc => index-_005csc
\scriptsize => index-_005cscriptsize
\scshape => index-_005cscshape
\searrow => index-_005csearrow
\sec => index-_005csec
\section => index-_005csection
\seename => index-_005cseename
\selectfont => index-_005cselectfont
\setcounter => index-_005csetcounter
\setlength => index-_005csetlength
\setminus => index-_005csetminus
\settodepth => index-_005csettodepth
\settoheight => index-_005csettoheight
\settowidth => index-_005csettowidth
\sf => index-_005csf
\sffamily => index-_005csffamily
\sharp => index-_005csharp
\shortstack => index-_005cshortstack
\Sigma => index-_005cSigma
\sigma => index-_005csigma
\signature => index-_005csignature
\sim => index-_005csim
\simeq => index-_005csimeq
\sin => index-_005csin
\sinh => index-_005csinh
\sl => index-_005csl
\slshape => index-_005cslshape
\small => index-_005csmall
\smallint => index-_005csmallint
\smallskip => index-_005csmallskip
\smallskipamount => index-_005csmallskipamount
\smile => index-_005csmile
\SPACE => index-_005cSPACE
\spadesuit => index-_005cspadesuit
\sqcap => index-_005csqcap
\sqcup => index-_005csqcup
\sqrt => index-_005csqrt_005broot_005d_007barg_007d
\sqsubset => index-_005csqsubset
\sqsubseteq => index-_005csqsubseteq
\sqsupset => index-_005csqsupset
\sqsupseteq => index-_005csqsupseteq
\ss => index-_005css-_0028ss_0029
\SS => index-_005cSS-_0028SS_0029
\stackrel => index-_005cstackrel_007btext_007d_007brelation_007d
\star => index-_005cstar
\startbreaks => index-_005cstartbreaks
\stepcounter => index-_005cstepcounter
\stop => index-_005cstop
\stopbreaks => index-_005cstopbreaks
\subparagraph => index-_005csubparagraph
\subsection => index-_005csubsection
\subset => index-_005csubset
\subseteq => index-_005csubseteq
\subsubsection => index-_005csubsubsection
\succ => index-_005csucc
\succeq => index-_005csucceq
\sum => index-_005csum
\sup => index-_005csup
\supset => index-_005csupset
\supseteq => index-_005csupseteq
\surd => index-_005csurd
\swarrow => index-_005cswarrow
\symbol => index-_005csymbol
\t => index-_005ct-_0028tie_002dafter-accent_0029
\TAB => index-_005cTAB
\tabbingsep => index-_005ctabbingsep
\tabcolsep => index-_005ctabcolsep
\tableofcontents => index-_005ctableofcontents
\tan => index-_005ctan
\tanh => index-_005ctanh
\tau => index-_005ctau
\telephone => index-_005ctelephone
\TeX => index-_005cTeX
\textascenderwordmark => index-_005ctextascenderwordmark
\textasciicircum => index-_005ctextasciicircum
\textasciitilde => index-_005ctextasciitilde
\textasteriskcentered => index-_005ctextasteriskcentered
\textbackslash => index-_005ctextbackslash
\textbar => index-_005ctextbar
\textbardbl => index-_005ctextbardbl
\textbf => index-_005ctextbf
\textbigcircle => index-_005ctextbigcircle
\textbraceleft => index-_005ctextbraceleft
\textbraceright => index-_005ctextbraceright
\textbullet => index-_005ctextbullet
\textcapitalwordmark => index-_005ctextcapitalwordmark
\textcircled => index-_005ctextcircled_007bletter_007d
\textcompwordmark => index-_005ctextcompwordmark
\textcopyright => index-_005ctextcopyright
\textdagger => index-_005ctextdagger
\textdaggerdbl => index-_005ctextdaggerdbl
\textdollar => index-_005ctextdollar-_0028or-_0024_0029
\textellipsis => index-_005ctextellipsis
\textemdash => index-_005ctextemdash-_0028or-_002d_002d_002d_0029
\textendash => index-_005ctextendash-_0028or-_002d_002d_0029
\texteuro => index-_005ctexteuro
\textexclamdown => index-_005ctextexclamdown-_0028or-_0021_0060_0029
\textfloatsep => index-_005ctextfloatsep
\textfraction => index-_005ctextfraction
\textgreater => index-_005ctextgreater
\textheight => index-_005ctextheight
\textit => index-_005ctextit
\textleftarrow => index-_005ctextleftarrow
\textless => index-_005ctextless
\textmd => index-_005ctextmd
\textnormal => index-_005ctextnormal
\textordfeminine => index-_005ctextordfeminine
\textordmasculine => index-_005ctextordmasculine
\textparagraph => index-_005ctextparagraph
\textperiodcentered => index-_005ctextperiodcentered
\textquestiondown => index-_005ctextquestiondown-_0028or-_003f_0060_0029
\textquotedblleft => index-_005ctextquotedblleft-_0028or-_0060_0060_0029
\textquotedblright => index-_005ctextquotedblright-_0028or-_0027_0029
\textquoteleft => index-_005ctextquoteleft-_0028or-_0060_0029
\textquoteright => index-_005ctextquoteright-_0028or-_0027_0029
\textquotestraightbase => index-_005ctextquotestraightbase
\textquotestraightdblbase => index-_005ctextquotestraightdblbase
\textregistered => index-_005ctextregistered
\textrightarrow => index-_005ctextrightarrow
\textrm => index-_005ctextrm
\textsc => index-_005ctextsc
\textsf => index-_005ctextsf
\textsl => index-_005ctextsl
\textsterling => index-_005ctextsterling
\textthreequartersemdash => index-_005ctextthreequartersemdash
\texttrademark => index-_005ctexttrademark
\texttt => index-_005ctexttt
\texttwelveudash => index-_005ctexttwelveudash
\textunderscore => index-_005ctextunderscore
\textup => index-_005ctextup
\textvisiblespace => index-_005ctextvisiblespace
\textwidth => index-_005ctextwidth
\th => index-_005cth-_0028th_0029
\TH => index-_005cTH-_0028TH_0029
\thanks => index-_005cthanks_007btext_007d
\theta => index-_005ctheta
\thicklines => index-_005cthicklines
\thinlines => index-_005cthinlines
\thinspace => index-_005cthinspace
\thispagestyle => index-_005cthispagestyle
\tilde => index-_005ctilde
\times => index-_005ctimes
\tiny => index-_005ctiny
\title => index-_005ctitle_007btext_007d
\to => index-_005cto
\today => index-_005ctoday
\top => index-_005ctop
\topfraction => index-_005ctopfraction
\topmargin => index-_005ctopmargin
\topsep => index-_005ctopsep
\topskip => index-_005ctopskip
\totalheight => index-_005ctotalheight
\triangle => index-_005ctriangle
\triangleleft => index-_005ctriangleleft
\triangleright => index-_005ctriangleright
\tt => index-_005ctt
\ttfamily => index-_005cttfamily
\twocolumn => index-_005ctwocolumn
\typein => index-_005ctypein
\typeout => index-_005ctypeout
\u => index-_005cu-_0028breve-accent_0029
\unboldmath => index-_005cunboldmath
\underbar => index-_005cunderbar
\underbrace => index-_005cunderbrace_007bmath_007d
\underline => index-_005cunderline_007btext_007d
\unitlength => index-_005cunitlength
\unlhd => index-_005cunlhd
\unrhd => index-_005cunrhd
\Uparrow => index-_005cUparrow
\uparrow => index-_005cuparrow
\Updownarrow => index-_005cUpdownarrow
\updownarrow => index-_005cupdownarrow
\uplus => index-_005cuplus
\upshape => index-_005cupshape
\Upsilon => index-_005cUpsilon
\upsilon => index-_005cupsilon
\usebox => index-_005cusebox
\usecounter => index-_005cusecounter
\usefont => index-_005cusefont
\usepackage => index-_005cusepackage
\v => index-_005cv-_0028breve-accent_0029
\value => index-_005cvalue
\varepsilon => index-_005cvarepsilon
\varphi => index-_005cvarphi
\varpi => index-_005cvarpi
\varrho => index-_005cvarrho
\varsigma => index-_005cvarsigma
\vartheta => index-_005cvartheta
\vdash => index-_005cvdash
\vdots => index-_005cvdots
\vec => index-_005cvec
\vector => index-_005cvector
\vee => index-_005cvee
\verb => index-_005cverb
\Vert => index-_005cVert
\vert => index-_005cvert
\vfill => index-_005cvfill
\vline => index-_005cvline
\vspace => index-_005cvspace
\wedge => index-_005cwedge
\widehat => index-_005cwidehat
\width => index-_005cwidth
\wp => index-_005cwp
\wr => index-_005cwr
\Xi => index-_005cXi
\xi => index-_005cxi
\year => index-_005cyear
\zeta => index-_005czeta
